------------------------------------------------------------
Timing Analyzer Summary
------------------------------------------------------------

Type  : Slow 1100mV 85C Model Setup 'clk'
Slack : -5.693
TNS   : -1500.162

Type  : Slow 1100mV 85C Model Hold 'clk'
Slack : 0.381
TNS   : 0.000

Type  : Slow 1100mV 85C Model Minimum Pulse Width 'clk'
Slack : -0.724
TNS   : -493.358

Type  : Slow 1100mV 0C Model Setup 'clk'
Slack : -5.948
TNS   : -1479.329

Type  : Slow 1100mV 0C Model Hold 'clk'
Slack : 0.361
TNS   : 0.000

Type  : Slow 1100mV 0C Model Minimum Pulse Width 'clk'
Slack : -0.724
TNS   : -493.172

Type  : Fast 1100mV 85C Model Setup 'clk'
Slack : -1.906
TNS   : -399.956

Type  : Fast 1100mV 85C Model Hold 'clk'
Slack : 0.155
TNS   : 0.000

Type  : Fast 1100mV 85C Model Minimum Pulse Width 'clk'
Slack : -0.093
TNS   : -38.791

Type  : Fast 1100mV 0C Model Setup 'clk'
Slack : -1.644
TNS   : -329.370

Type  : Fast 1100mV 0C Model Hold 'clk'
Slack : 0.143
TNS   : 0.000

Type  : Fast 1100mV 0C Model Minimum Pulse Width 'clk'
Slack : -0.092
TNS   : -38.603

------------------------------------------------------------
